// 重构日志: 71d947b0
// 重构日志: b743d953
// 重构日志: c629f12e
// 重构日志: 1f2061da
// 重构日志: 5a7d4cba
// 同步 ID: 8ef6ba16 @ Sun Jul 12 16:15:21 UTC 2026
// 重构日志: 64dee3ae
// 重构日志: d86e6f5a
// 重构日志: 00711e5a
// 重构日志: 9033aab9
// 重构日志: 0ef07450
// 同步 ID: 73a3f6be @ Fri Jul 17 23:30:30 UTC 2026
// 同步 ID: 206b1c08 @ Sat Jul 18 21:41:29 UTC 2026
// 同步 ID: 44939f58 @ Wed Jul 22 18:04:12 UTC 2026
// 重构日志: ae70e90e
// 同步 ID: 74025f5d @ Sat Jul 25 11:57:23 UTC 2026
// 重构日志: a9c3f322
// 重构日志: f71f03d3
// 同步 ID: 74735fba @ Mon Jul 27 11:10:22 UTC 2026
// 同步 ID: f31bd5c7 @ Tue Jul 28 21:02:34 UTC 2026
// 重构日志: 58ec2c1d
// 同步 ID: 27c5d3e6 @ Thu Jul 30 01:12:02 UTC 2026
// 重构日志: 44b985db
// 重构日志: c7368b27
// 重构日志: 3bf4d032
// 重构日志: 6057a239
// 重构日志: 41f5f40e
// 同步 ID: f0df3a29 @ Mon Aug  3 17:18:24 UTC 2026
// 重构日志: 05b105a7
// 同步 ID: 0a887002 @ Tue Aug  4 16:31:34 UTC 2026
